
===== Processing tests/00_defs.r =====

===== Processing tests/01_test.r =====
_: "Hello World!"<> with {  }

_: DBL1<> with {  }

_: tt<> with {  }

_: DBL1

_: DBL1

_: DBL1

_: (DBL | LGL)<>

_: (DBL | LGL)<>

int: 42<> with {  }

dbl: DBL1<> with {  }

clx: CLX1<> with {  }

num1: dbl1

f_succ: ∀'a. ((( a: DBL | dbl & v('a) ) -> DBL | dbl & v('a)) & (( a: dbl1 ) ->
 dbl1))<> with {  }

f_succ_succ: ∀'a. ((( a: DBL | dbl & v('a) ) -> DBL | dbl & v('a)) & (( a: dbl1 ) ->
 dbl1))<> with {  }

f_req: ∀'a. ((( a: dbl & v('a) ) -> dbl & v('a)) & (( a: dbl1 ) ->
 dbl1))<> with {  }

f_opt: ∀'a. ((( a: (DBL | dbl & v('a))? ) -> DBL | dbl & v('a)) & (( a: dbl1? )
 -> dbl1))<> with {  }

f_opt_ann: (( a: dbl ) -> dbl) & (( a: null? ) -> lgl1)

app: ((  ) -> DBL1<> with {  } | tt<> with {  })<> with {  }

ret: ((( x: DBL1 ) -> ff<> with {  } | tt<> with {  }) & (( x: ff ) | ( x: null )
 -> ff<> with {  }) & (( x: ~((DBL1 | ff) | null) ) ->
 tt<> with {  }))<> with {  }

ret_ann: (( x: any ) -> lgl1) & (( x: null ) -> ff)

narrowing: ∀'a. ((( x: dbl & v('a) ) -> dbl & v('a)) & (( x: dbl1 ) -> dbl1) &
 (( x: null ) -> null))<> with {  }

narrowing_ann: (( x: dbl ) -> dbl) & (( x: null ) -> null)

loop_break: ∀'a,'b. ((( x: 'a & null ) -> null & 'a) & (( x: DBL | dbl & v('b) ) ->
 DBL | dbl & v('b)) & (( x: dbl1 ) -> dbl1))<> with {  }

cases: (( x: clx ) -> empty)<> with {  }

assign: ∀'a. (( x: 'a ) -> 'a)<> with {  }

superassign: ∀'a. (( x: DBL1<> with {  } | 'a ) -> DBL1<> with {  } | 'a)<> with {  }

_: {  }

_: { DBL1<> with {  } }

_: { aa: DBL1<> with {  } }

test_lists: ((  ) -> { a: "a"<> with {  }, b: ff<> with {  }, one: ("a"<> with {  } |
 42<> with {  } | DBL1<> with {  } | ff<> with {  }) | null })<> with {  }

nested_list: ∀`a. ( x: { a: { lgl1 }, `a } ) -> { a: { lgl1 }, `a }

test_classes: ∀'a. (( x: 'a<...> ) -> 'a<...>)<> with {  }


===== Processing tests/02_simple/empty-for.r =====
execute: (( n: dbl ) -> null)<> with {  }


===== Processing tests/02_simple/empty-while.r =====
execute: (( n: dbl ) -> null)<> with {  }


===== Processing tests/02_simple/lapply-dots.r =====
