
===== Processing tests/00_defs.r =====

===== Processing tests/01_test.r =====
_: "Hello World!"<> with {  }

_: DBL1<> with {  }

_: tt<> with {  }

_: dbl

_: dbl

_: dbl

_: (DBL | LGL)<>

_: (DBL | LGL)<>

int: 42<> with {  }

dbl: DBL1<> with {  }

clx: CLX1<> with {  }

num1: dbl1

f_req: ((( a: dbl ) -> dbl) & (( a: int ) -> int))<> with {  }

f_opt: (( a: dbl? ) -> dbl)<> with {  }

f_opt_ann: (( a: dbl ) -> dbl) & (( a: null? ) -> lgl1)

app: ((  ) -> DBL1<> with {  } | tt<> with {  })<> with {  }

ret: ((( x: DBL1 ) -> ff<> with {  } | tt<> with {  }) & (( x: ff ) | ( x: null )
 -> ff<> with {  }) & (( x: ~((DBL1 | ff) | null) ) ->
 tt<> with {  }))<> with {  }

ret_ann: (( x: any ) -> lgl1) & (( x: null ) -> ff)

narrowing: ((( x: dbl ) -> dbl) & (( x: int ) -> int) & (( x: null ) ->
 null))<> with {  }

narrowing_ann: (( x: dbl ) -> dbl) & (( x: null ) -> null)

loop_break: ∀'a. ((( x: 'a & null ) -> null & 'a) & (( x: dbl ) -> dbl))<> with {  }

cases: (( x: clx ) -> empty)<> with {  }

assign: ∀'a. (( x: 'a ) -> 'a)<> with {  }

superassign: ∀'a. (( x: DBL1<> with {  } | 'a ) -> DBL1<> with {  } | 'a)<> with {  }

_: {  }

_: { DBL1<> with {  } }

_: { aa: DBL1<> with {  } }

test_lists: ((  ) -> { a: "a"<> with {  }, b: ff<> with {  }, one: ("a"<> with {  } |
 42<> with {  } | DBL1<> with {  } | ff<> with {  }) | null })<> with {  }

nested_list: ∀`a. ( x: { a: { lgl1 }, `a } ) -> { a: { lgl1 }, `a }

test_classes: ∀'a. (( x: 'a<...> ) -> 'a<...>)<> with {  }


===== Processing tests/02_simple/empty-for.r =====
execute: (( n: dbl ) -> null)<> with {  }


===== Processing tests/02_simple/empty-while.r =====
execute: (( n: dbl ) -> null)<> with {  }


===== Processing tests/02_simple/lapply-dots.r =====
execute: (( n: dbl ) -> dbl)<> with {  }


===== Processing tests/02_simple/lapply.r =====
execute: (( n: dbl ) -> dbl)<> with {  }


===== Processing tests/02_simple/list-for.r =====
execute: (( n: dbl ) -> null)<> with {  }


===== Processing tests/02_simple/list-while.r =====
execute: (( n: dbl ) -> null)<> with {  }


===== Processing tests/02_simple/matrix-for.r =====
execute: (( n: dbl ) -> null)<> with {  }


===== Processing tests/02_simple/scalar-for.r =====
execute: (( n: dbl ) -> null)<> with {  }


===== Processing tests/02_simple/scalar-while.r =====
execute: (( n: dbl ) -> null)<> with {  }


===== Processing tests/02_simple/super-while.r =====
execute: (( n: dbl ) -> null)<> with {  }


===== Processing tests/02_simple/vector-for.r =====
execute: (( n: dbl ) -> null)<> with {  }


===== Processing tests/02_simple/vector-while.r =====
execute: (( n: dbl ) -> null)<> with {  }


===== Processing tests/03_areWeFast/random.r =====
seed: int1

